// Jest Snapshot v1, https://goo.gl/fbAQLP

exports[`BluFrame FAIcon renders custom size 1`] = `
<i
  class="styled__Icon-sc-ayi7v7-0 diTGXO fa fa-angle-double-up fa-2-5x"
  font-size="30px"
/>
`;

exports[`BluFrame FAIcon renders default size 1`] = `
<i
  class="styled__Icon-sc-ayi7v7-0 diTHrz fa fa-angle-double-up fa-2-5x"
  font-size="20px"
/>
`;
