// Jest Snapshot v1, https://goo.gl/fbAQLP

exports[`Icon renders color 1`] = `
<span
  class="styled__Icon-sc-ztr6p6-0 kHWcXr"
>
  SelectedIcon
</span>
`;

exports[`Icon renders default size 1`] = `
<span
  class="styled__Icon-sc-ztr6p6-0 kHWcXr"
>
  SelectedIcon
</span>
`;

exports[`Icon renders size 1`] = `
<span
  class="styled__Icon-sc-ztr6p6-0 kHWcXr"
>
  SelectedIcon
</span>
`;
