// Jest Snapshot v1, https://goo.gl/fbAQLP

exports[`Content renders and uses custom components and plugins 1`] = `
<span
  class="styled__Wrapper-sc-1oa8elu-0 fWHKyi"
>
  <div>
    <code>
      Custom code
    </code>
    <em>
      Custom em
    </em>
    
        ## Markdown Content

        Looks **awesome!!**
      
  </div>
</span>
`;
