// Jest Snapshot v1, https://goo.gl/fbAQLP

exports[`Checkbox renders 1`] = `
<div
  class="styled__Wrapper-sc-k37kxu-0 gcCvei"
>
  <input
    checked=""
    class="styled__Input-sc-k37kxu-1 kUlWfr"
    name="Fruit"
    type="checkbox"
    value="apple"
  />
  <div
    aria-checked="true"
    class="styled__StyledCheckbox-sc-k37kxu-2 ehdNpl"
    id="apple-checkbox"
    role="checkbox"
  >
    <svg
      class="styled__Icon-sc-k37kxu-3 dPAHdr"
      viewBox="0 0 24 24"
    >
      <polyline
        class="styled__Polyline-sc-k37kxu-4"
        points="20 6 9 17 4 12"
      />
    </svg>
  </div>
  <label
    class="styled__Label-sc-k37kxu-5 lcamtt"
  >
    Apple
  </label>
</div>
`;
