// Jest Snapshot v1, https://goo.gl/fbAQLP

exports[`Select renders 1`] = `
<div
  class="styled__Wrapper-sc-nm33db-0 jdNAoM"
>
  <div
    class="styled__Control-sc-nm33db-1 dtwWOX"
  >
    <label
      class="styled__Label-sc-nm33db-3 giXEck"
      id="fruit-label"
    />
    <label
      class="styled__DisplayValue-sc-nm33db-2 gNwpMk"
    />
    <div
      class="styled__Triangle-sc-nm33db-4 izjiDE"
    />
  </div>
  <input
    class="styled__Input-sc-nm33db-7"
    name="fruit"
    type="hidden"
    value=""
  />
</div>
`;
