// Jest Snapshot v1, https://goo.gl/fbAQLP

exports[`Radio renders 1`] = `
<div
  class="styled__Wrapper-sc-xszf5l-0 dccLNA"
>
  <div
    aria-checked="true"
    class="styled__Circle-sc-xszf5l-1 gYDfld"
    id="apple-radio"
    role="radio"
  />
  <input
    checked=""
    class="styled__Input-sc-xszf5l-2 hcqXBh"
    name="Fruit"
    type="radio"
    value="apple"
  />
  <label
    class="styled__Label-sc-xszf5l-3 bUMOds"
  >
    Apple
  </label>
</div>
`;
