// Jest Snapshot v1, https://goo.gl/fbAQLP

exports[`Hamburger renders 1`] = `
<button
  aria-controls="main-navigation"
  aria-expanded="false"
  aria-label="Toggle navigation"
  class="styled__Button-sc-45lonn-1 kASBxd"
  role="menu"
  type="button"
>
  <span
    class="styled__ScreenReaderOnly-sc-45lonn-2 iQoRVS"
  >
    Toggle navigation
  </span>
  <span
    class="styled__Bar-sc-45lonn-0 kUYBpF"
  />
  <span
    class="styled__Bar-sc-45lonn-0 kUYBpF"
  />
  <span
    class="styled__Bar-sc-45lonn-0 kUYBpF"
  />
</button>
`;
